=== state seed 2 13:15:58
device=mps  -> d=128 layers=4  [REDUCED: no CUDA available]
model=state params=4.50M  train=463118 test=51468
  ep1/3 loss=1.7139 test_acc=0.4698 tok/s=26878
  ep2/3 loss=1.5246 test_acc=0.5278 tok/s=28370
  ep3/3 loss=1.3052 test_acc=0.5393 tok/s=26239
DONE state_mixed_s2: test_acc=0.5393 majority=0.1151 tok/s=26239 wall=2911s
=== state_dense seed 2 14:04:33
device=mps  -> d=128 layers=4  [REDUCED: no CUDA available]
model=state_dense params=1.33M  train=463118 test=51468
  ep1/3 loss=1.5931 test_acc=0.4928 tok/s=125672
  ep2/3 loss=1.4395 test_acc=0.5389 tok/s=127235
  ep3/3 loss=1.2652 test_acc=0.5527 tok/s=127381
DONE state_dense_mixed_s2: test_acc=0.5527 majority=0.1151 tok/s=127381 wall=600s
=== eval C arm 14:14:35
  state_mixed: best L3 condNMI=0.0843 slope=0.483
  state_dense_mixed: best L3 condNMI=0.0920 slope=0.338
  state_mixed_s1: best L3 condNMI=0.1368 slope=0.219
  state_dense_mixed_s1: best L3 condNMI=0.1334 slope=0.434
  state_mixed_s2: best L3 condNMI=0.1796 slope=0.425
  state_dense_mixed_s2: best L3 condNMI=0.1032 slope=0.164
=== paired stats 14:15:49

=== sequence arm (A vs dense twin)  [best_cond_nmi]  n=5 seeds [0, 1, 2, 3, 4]
  MoE   : 0.1370 +/- 0.0140   ['0.1514', '0.1330', '0.1154', '0.1465', '0.1387']
  dense : 0.1654 +/- 0.0147   ['0.1736', '0.1401', '0.1647', '0.1748', '0.1738']
  gap (dense-MoE): +0.0283 +/- 0.0156   dense wins 5/5
  sign test (one-sided): p=0.0312
  paired t-test: t=4.06 p=0.0154
  wilcoxon: p=0.0625
  |gap| / within-arm seed sd = 1.92

=== position-blind arm C vs its dense twin  [best_cond_nmi]  n=3 seeds [0, 1, 2]
  MoE   : 0.1336 +/- 0.0477   ['0.0843', '0.1368', '0.1796']
  dense : 0.1096 +/- 0.0214   ['0.0920', '0.1334', '0.1032']
  gap (dense-MoE): -0.0240 +/- 0.0457   dense wins 1/3
  paired t-test: t=-0.91 p=0.4584
  |gap| / within-arm seed sd = 0.50

=== sequence arm, change-point  [best_partial_slope]  n=5 seeds [0, 1, 2, 3, 4]
  MoE   : 0.5134 +/- 0.1286   ['0.3929', '0.7284', '0.4736', '0.5203', '0.4520']
  dense : 0.7833 +/- 0.1886   ['0.7693', '0.5957', '0.9062', '1.0333', '0.6121']
  gap (dense-MoE): +0.2699 +/- 0.2603   dense wins 4/5
  paired t-test: t=2.32 p=0.0813
  wilcoxon: p=0.1250
  |gap| / within-arm seed sd = 1.43
=== regenerate report 14:15:49
wrote out/results.md
=== C ARM DONE 14:15:51
