  moe_cfopdec_s50: stage 0.0954/ceil 1.0000=10%(null 4%) | G1 0.0276/ceil 0.5673=5%(null 2%)
     raw: cNMI(stage)=0.0954 cNMI(G1)=0.0276 | shuf 0.0386/0.0133 | per-stage [0.069, 0.039, 0.036, 0.037]
  moe_cfopdec_s51: stage 0.0908/ceil 1.0000=9%(null 4%) | G1 0.0239/ceil 0.5673=4%(null 2%)
     raw: cNMI(stage)=0.0908 cNMI(G1)=0.0239 | shuf 0.0351/0.0122 | per-stage [0.063, 0.037, 0.032, 0.036]
  moe_cfopdec_s52: stage 0.1238/ceil 1.0000=12%(null 4%) | G1 0.0499/ceil 0.5673=9%(null 2%)
     raw: cNMI(stage)=0.1238 cNMI(G1)=0.0499 | shuf 0.0393/0.0132 | per-stage [0.096, 0.047, 0.033, 0.059]
  moe_cfopdec_s53: stage 0.0917/ceil 1.0000=9%(null 4%) | G1 0.0307/ceil 0.5673=5%(null 2%)
     raw: cNMI(stage)=0.0917 cNMI(G1)=0.0307 | shuf 0.0370/0.0121 | per-stage [0.059, 0.041, 0.033, 0.028]
  moe_cfopdec_s54: stage 0.0852/ceil 1.0000=9%(null 4%) | G1 0.0433/ceil 0.5673=8%(null 2%)
     raw: cNMI(stage)=0.0852 cNMI(G1)=0.0433 | shuf 0.0382/0.0137 | per-stage [0.062, 0.038, 0.03, 0.034]

=== H2 PRIMARY ENDPOINT: 2x2 cross-evaluation ===
trained on    vs CFOP stage   vs G1 phase  stage>G1?
cfop                 0.0974        0.0351       5/5

  H2 pass rule: stage > G1 in >=4/5 AND paired t p<0.05
    5/5 seeds, paired t p=0.0003 -> **SUPPORTED**

moe_cfopdec_s50  layer=3  self_exact=True
  stage accuracy damage L[e,s]  (rows=expert, cols=stage [1, 2, 3, 4])
   e0    0.0020  0.1494  0.2912  0.1822
   e1    0.0073  0.1350  0.2036  0.1877
   e2    0.0016  0.0963  0.1414  0.3356 <-native
   e3    0.0000  0.1503  0.2105  0.2756
   e4   -0.0024  0.0984  0.1650  0.2600 <-native
   e5   -0.0020  0.0600  0.1392  0.1899 <-native
   e6    0.0029  0.1200  0.1494  0.2710
   e7    0.0045  0.0407  0.1367  0.2059 <-native
  native expert per stage = {1: 5, 2: 7, 3: 2, 4: 4}  (distinct=4/4)
  argmin-damage per stage = {1: 4, 2: 7, 3: 7, 4: 0} (distinct=3)
  L_native={1: -0.002, 2: 0.0407, 3: 0.1414, 4: 0.26}
  L_median={1: 0.0018, 2: 0.1092, 3: 0.1572, 4: 0.233}
  [G1 readout, H1-style] e1=5 base=0.6316 L(e1)=0.1243 median_other=0.1029 conc=0.241

moe_cfopdec_s51  layer=3  self_exact=True
  stage accuracy damage L[e,s]  (rows=expert, cols=stage [1, 2, 3, 4])
   e0   -0.0073  0.0704  0.1843  0.1457 <-native
   e1   -0.0069  0.1359  0.2625  0.3051 <-native
   e2   -0.0033  0.0456  0.2225  0.2437 <-native
   e3   -0.0061  0.1053  0.1309  0.3578 <-native
   e4   -0.0041  0.0701  0.2784  0.2967
   e5    0.0000  0.0534  0.1854  0.2380
   e6    0.0024  0.0733  0.1741  0.3473
   e7   -0.0041  0.1376  0.2875  0.2952
  native expert per stage = {1: 0, 2: 2, 3: 3, 4: 1}  (distinct=4/4)
  argmin-damage per stage = {1: 0, 2: 2, 3: 3, 4: 0} (distinct=3)
  L_native={1: -0.0073, 2: 0.0456, 3: 0.1309, 4: 0.3051}
  L_median={1: -0.0041, 2: 0.0718, 3: 0.2039, 4: 0.2959}
  [G1 readout, H1-style] e1=0 base=0.6278 L(e1)=0.1122 median_other=0.1461 conc=0.257

moe_cfopdec_s52  layer=3  self_exact=True
  stage accuracy damage L[e,s]  (rows=expert, cols=stage [1, 2, 3, 4])
   e0   -0.0024  0.1082  0.0862  0.2855
   e1   -0.0020  0.0816  0.1265  0.3451 <-native
   e2   -0.0114  0.1330  0.2276  0.2141
   e3    0.0016  0.0854  0.1014  0.2796 <-native
   e4    0.0008  0.0084  0.1149  0.2921
   e5   -0.0016  0.1258  0.1628  0.4002 <-native
   e6   -0.0065  0.1612  0.0302  0.3345
   e7   -0.0045  0.1284  0.1450  0.3835 <-native
  native expert per stage = {1: 1, 2: 3, 3: 7, 4: 5}  (distinct=4/4)
  argmin-damage per stage = {1: 2, 2: 4, 3: 6, 4: 2} (distinct=3)
  L_native={1: -0.002, 2: 0.0854, 3: 0.145, 4: 0.4002}
  L_median={1: -0.0022, 2: 0.117, 3: 0.1207, 4: 0.3133}
  [G1 readout, H1-style] e1=0 base=0.6354 L(e1)=0.1118 median_other=0.0708 conc=0.331

moe_cfopdec_s53  layer=3  self_exact=True
  stage accuracy damage L[e,s]  (rows=expert, cols=stage [1, 2, 3, 4])
   e0    0.0057  0.0643  0.2007  0.2475 <-native
   e1    0.0020  0.0427  0.1625  0.2418 <-native
   e2    0.0053  0.1309  0.2937  0.3826
   e3   -0.0004  0.0721  0.1930  0.2358
   e4   -0.0024  0.0329  0.1301  0.2020 <-native
   e5   -0.0020  0.1139  0.2508  0.2534 <-native
   e6   -0.0012  0.0874  0.1032  0.2607
   e7    0.0020  0.1136  0.1465  0.2881
  native expert per stage = {1: 4, 2: 1, 3: 0, 4: 5}  (distinct=4/4)
  argmin-damage per stage = {1: 4, 2: 4, 3: 6, 4: 4} (distinct=2)
  L_native={1: -0.0024, 2: 0.0427, 3: 0.2007, 4: 0.2534}
  L_median={1: 0.0008, 2: 0.0798, 3: 0.1778, 4: 0.2504}
  [G1 readout, H1-style] e1=1 base=0.6384 L(e1)=0.2119 median_other=0.1602 conc=0.234

moe_cfopdec_s54  layer=3  self_exact=True
  stage accuracy damage L[e,s]  (rows=expert, cols=stage [1, 2, 3, 4])
   e0   -0.0143  0.1053  0.0498  0.0675
   e1   -0.0012  0.0906  0.1370  0.1530
   e2    0.0008  0.0110  0.1280  0.1215 <-native
   e3   -0.0016  0.0444  0.0393  0.1237
   e4   -0.0037  0.0995  0.2410  0.1160 <-native
   e5   -0.0053  0.0686  0.0498  0.1015 <-native
   e6   -0.0061  0.0479  0.0356  0.0512 <-native
   e7   -0.0098  0.1061  0.1032  0.1879
  native expert per stage = {1: 6, 2: 2, 3: 5, 4: 4}  (distinct=4/4)
  argmin-damage per stage = {1: 0, 2: 2, 3: 6, 4: 6} (distinct=3)
  L_native={1: -0.0061, 2: 0.011, 3: 0.0498, 4: 0.116}
  L_median={1: -0.0045, 2: 0.0796, 3: 0.0765, 4: 0.1188}
  [G1 readout, H1-style] e1=6 base=0.6291 L(e1)=0.1352 median_other=0.1199 conc=0.311

wrote out/h2_causal.json (5 models)
=== H2b ANALYSIS DONE
