=== moe seed 50 22:10:59
device=mps  -> d=128 layers=4  [REDUCED: no CUDA available]
model=moe params=4.51M  train=9000 test=1000
  ep1/10 loss=2.0964 test_acc=0.3192 tok/s=11588
  ep2/10 loss=1.8840 test_acc=0.3401 tok/s=11762
  ep3/10 loss=1.6312 test_acc=0.4305 tok/s=11780
  ep4/10 loss=1.4770 test_acc=0.5027 tok/s=11919
  ep5/10 loss=1.3805 test_acc=0.5346 tok/s=11995
  ep6/10 loss=1.3562 test_acc=0.5472 tok/s=12057
  ep7/10 loss=1.3168 test_acc=0.5559 tok/s=12061
  ep8/10 loss=1.2937 test_acc=0.5596 tok/s=12141
  ep9/10 loss=1.2586 test_acc=0.5613 tok/s=12209
  ep10/10 loss=1.2768 test_acc=0.5611 tok/s=12288
DONE moe_cfopdec_s50: test_acc=0.5611 majority=0.1600 tok/s=12288 wall=494s
=== moe seed 51 22:19:16
device=mps  -> d=128 layers=4  [REDUCED: no CUDA available]
model=moe params=4.51M  train=9000 test=1000
  ep1/10 loss=2.0770 test_acc=0.3181 tok/s=12830
  ep2/10 loss=1.8651 test_acc=0.3538 tok/s=12850
  ep3/10 loss=1.6310 test_acc=0.4468 tok/s=12892
  ep4/10 loss=1.4748 test_acc=0.4981 tok/s=12944
  ep5/10 loss=1.3956 test_acc=0.5383 tok/s=13013
  ep6/10 loss=1.3249 test_acc=0.5598 tok/s=13073
  ep7/10 loss=1.3292 test_acc=0.5681 tok/s=13078
  ep8/10 loss=1.2985 test_acc=0.5722 tok/s=13123
  ep9/10 loss=1.2976 test_acc=0.5737 tok/s=13170
  ep10/10 loss=1.2688 test_acc=0.5739 tok/s=13221
DONE moe_cfopdec_s51: test_acc=0.5739 majority=0.1600 tok/s=13221 wall=459s
=== moe seed 52 22:26:57
device=mps  -> d=128 layers=4  [REDUCED: no CUDA available]
model=moe params=4.51M  train=9000 test=1000
  ep1/10 loss=2.0950 test_acc=0.3199 tok/s=13353
  ep2/10 loss=1.8530 test_acc=0.3458 tok/s=13470
  ep3/10 loss=1.6635 test_acc=0.4370 tok/s=13444
  ep4/10 loss=1.4769 test_acc=0.5077 tok/s=13469
  ep5/10 loss=1.3926 test_acc=0.5405 tok/s=13506
  ep6/10 loss=1.3538 test_acc=0.5507 tok/s=13418
  ep7/10 loss=1.3125 test_acc=0.5583 tok/s=13453
  ep8/10 loss=1.3277 test_acc=0.5628 tok/s=13490
  ep9/10 loss=1.2683 test_acc=0.5643 tok/s=13453
  ep10/10 loss=1.2971 test_acc=0.5646 tok/s=13445
DONE moe_cfopdec_s52: test_acc=0.5646 majority=0.1600 tok/s=13445 wall=451s
=== moe seed 53 22:34:29
device=mps  -> d=128 layers=4  [REDUCED: no CUDA available]
model=moe params=4.51M  train=9000 test=1000
  ep1/10 loss=2.0743 test_acc=0.3171 tok/s=13692
  ep2/10 loss=1.8495 test_acc=0.3567 tok/s=13631
  ep3/10 loss=1.6011 test_acc=0.4576 tok/s=13454
  ep4/10 loss=1.4334 test_acc=0.5165 tok/s=13349
  ep5/10 loss=1.3403 test_acc=0.5505 tok/s=13384
  ep6/10 loss=1.2899 test_acc=0.5639 tok/s=13399
  ep7/10 loss=1.2662 test_acc=0.5704 tok/s=13344
  ep8/10 loss=1.2480 test_acc=0.5733 tok/s=13306
  ep9/10 loss=1.2681 test_acc=0.5743 tok/s=13287
  ep10/10 loss=1.2844 test_acc=0.5747 tok/s=13328
DONE moe_cfopdec_s53: test_acc=0.5747 majority=0.1600 tok/s=13328 wall=455s
=== moe seed 54 22:42:06
device=mps  -> d=128 layers=4  [REDUCED: no CUDA available]
model=moe params=4.51M  train=9000 test=1000
  ep1/10 loss=2.0859 test_acc=0.3154 tok/s=13685
  ep2/10 loss=1.8926 test_acc=0.3400 tok/s=13264
  ep3/10 loss=1.6365 test_acc=0.4398 tok/s=13174
  ep4/10 loss=1.4502 test_acc=0.5100 tok/s=13232
  ep5/10 loss=1.4071 test_acc=0.5357 tok/s=13321
  ep6/10 loss=1.3291 test_acc=0.5499 tok/s=13393
  ep7/10 loss=1.3018 test_acc=0.5567 tok/s=13376
  ep8/10 loss=1.3026 test_acc=0.5606 tok/s=13303
  ep9/10 loss=1.2817 test_acc=0.5618 tok/s=13328
  ep10/10 loss=1.2857 test_acc=0.5620 tok/s=13337
DONE moe_cfopdec_s54: test_acc=0.5620 majority=0.1600 tok/s=13337 wall=455s
=== hash seed 50 22:49:43
device=mps  -> d=128 layers=4  [REDUCED: no CUDA available]
model=hash params=4.51M  train=9000 test=1000
  ep1/10 loss=2.0999 test_acc=0.3183 tok/s=13971
  ep2/10 loss=1.8803 test_acc=0.3393 tok/s=13920
  ep3/10 loss=1.6240 test_acc=0.4420 tok/s=13924
  ep4/10 loss=1.4563 test_acc=0.5135 tok/s=13845
  ep5/10 loss=1.3596 test_acc=0.5387 tok/s=13812
  ep6/10 loss=1.3465 test_acc=0.5530 tok/s=13478
  ep7/10 loss=1.3090 test_acc=0.5601 tok/s=12158
  ep8/10 loss=1.2788 test_acc=0.5643 tok/s=11333
  ep9/10 loss=1.2437 test_acc=0.5651 tok/s=10985
  ep10/10 loss=1.2688 test_acc=0.5660 tok/s=11167
DONE hash_cfopdec_s50: test_acc=0.5660 majority=0.1600 tok/s=11167 wall=543s
=== hash seed 51 22:58:48
device=mps  -> d=128 layers=4  [REDUCED: no CUDA available]
model=hash params=4.51M  train=9000 test=1000
  ep1/10 loss=2.0934 test_acc=0.3163 tok/s=13219
  ep2/10 loss=1.8844 test_acc=0.3393 tok/s=12985
  ep3/10 loss=1.6954 test_acc=0.4144 tok/s=13115
  ep4/10 loss=1.4887 test_acc=0.5014 tok/s=13219
  ep5/10 loss=1.3853 test_acc=0.5359 tok/s=13335
  ep6/10 loss=1.3195 test_acc=0.5525 tok/s=13384
  ep7/10 loss=1.3289 test_acc=0.5604 tok/s=13413
  ep8/10 loss=1.3102 test_acc=0.5656 tok/s=12916
  ep9/10 loss=1.3103 test_acc=0.5667 tok/s=12482
  ep10/10 loss=1.2794 test_acc=0.5671 tok/s=12132
DONE hash_cfopdec_s51: test_acc=0.5671 majority=0.1600 tok/s=12132 wall=500s
=== hash seed 52 23:07:10
device=mps  -> d=128 layers=4  [REDUCED: no CUDA available]
model=hash params=4.51M  train=9000 test=1000
  ep1/10 loss=2.1022 test_acc=0.3163 tok/s=9735
  ep2/10 loss=1.8479 test_acc=0.3460 tok/s=9861
  ep3/10 loss=1.6727 test_acc=0.4380 tok/s=10003
  ep4/10 loss=1.4731 test_acc=0.5052 tok/s=10071
  ep5/10 loss=1.3806 test_acc=0.5450 tok/s=10120
  ep6/10 loss=1.3333 test_acc=0.5610 tok/s=10154
  ep7/10 loss=1.2802 test_acc=0.5694 tok/s=10174
  ep8/10 loss=1.2959 test_acc=0.5740 tok/s=10140
  ep9/10 loss=1.2462 test_acc=0.5751 tok/s=10116
  ep10/10 loss=1.2665 test_acc=0.5756 tok/s=10096
DONE hash_cfopdec_s52: test_acc=0.5756 majority=0.1600 tok/s=10096 wall=601s
=== hash seed 53 23:17:13
device=mps  -> d=128 layers=4  [REDUCED: no CUDA available]
model=hash params=4.51M  train=9000 test=1000
  ep1/10 loss=2.0937 test_acc=0.3164 tok/s=9429
  ep2/10 loss=1.8711 test_acc=0.3463 tok/s=9711
  ep3/10 loss=1.5919 test_acc=0.4611 tok/s=9801
  ep4/10 loss=1.4105 test_acc=0.5231 tok/s=9722
  ep5/10 loss=1.3540 test_acc=0.5443 tok/s=9651
  ep6/10 loss=1.3038 test_acc=0.5532 tok/s=9689
  ep7/10 loss=1.2967 test_acc=0.5594 tok/s=9678
  ep8/10 loss=1.2642 test_acc=0.5630 tok/s=9695
  ep9/10 loss=1.2974 test_acc=0.5642 tok/s=9753
  ep10/10 loss=1.3145 test_acc=0.5643 tok/s=9754
DONE hash_cfopdec_s53: test_acc=0.5643 majority=0.1600 tok/s=9754 wall=622s
=== hash seed 54 23:27:38
device=mps  -> d=128 layers=4  [REDUCED: no CUDA available]
model=hash params=4.51M  train=9000 test=1000
  ep1/10 loss=2.0856 test_acc=0.3177 tok/s=8707
  ep2/10 loss=1.8837 test_acc=0.3430 tok/s=7723
  ep3/10 loss=1.6789 test_acc=0.4134 tok/s=7611
  ep4/10 loss=1.4502 test_acc=0.5052 tok/s=7666
  ep5/10 loss=1.3810 test_acc=0.5503 tok/s=7499
  ep6/10 loss=1.2888 test_acc=0.5634 tok/s=7336
  ep7/10 loss=1.2608 test_acc=0.5694 tok/s=7272
  ep8/10 loss=1.2675 test_acc=0.5732 tok/s=7393
  ep9/10 loss=1.2392 test_acc=0.5750 tok/s=7065
  ep10/10 loss=1.2495 test_acc=0.5749 tok/s=7092
DONE hash_cfopdec_s54: test_acc=0.5749 majority=0.1600 tok/s=7092 wall=856s
=== H2b TRAINING DONE 23:41:56
