=== M_s frozen from TRAINING split of cfop_dec  (sha256 d15a6abdd9d70cd7)
  stage 1: |M_s|=13/18  mass in stage=0.723  elsewhere=0.327  ['R2', 'F', "F'", 'F2', 'D', "D'", 'D2', 'L', "L'", 'L2', 'B', "B'", 'B2']
  stage 2: |M_s|=11/18  mass in stage=0.540  elsewhere=0.223  ['U2', 'F2', 'D', "D'", 'D2', 'L', "L'", 'L2', 'B', "B'", 'B2']
  stage 3: |M_s|= 5/18  mass in stage=0.904  elsewhere=0.519  ['U', "U'", 'U2', 'R', "R'"]
  stage 4: |M_s|= 8/18  mass in stage=0.979  elsewhere=0.606  ['U', "U'", 'R', "R'", 'R2', 'F', "F'", 'B2']

moe_cfopdec_s50  layer=3 self_exact=True  stages=[1, 2, 3, 4]
   e0     0.0630   0.1754   0.0107   0.0167
   e1     0.0934   0.1413  -0.0355   0.0120
   e2    -0.0404  -0.0174   0.0918   0.0374 <-native
   e3     0.0973   0.1968   0.0729   0.0092
   e4    -0.0178   0.0729  -0.0222   0.0438 <-native
   e5     0.0095   0.0019   0.0507   0.0427 <-native
   e6    -0.0461  -0.0288  -0.0144   0.0387
   e7    -0.0456   0.0018  -0.0033   0.0288 <-native
   native={1: 5, 2: 7, 3: 2, 4: 4}  L_native={1: 0.0095, 2: 0.0018, 3: 0.0918, 4: 0.0438}
   L_median={1: -0.0042, 2: 0.0374, 3: 0.0037, 4: 0.0331}
   resolution: median_other=0.0175 spread=0.0503  ratio spread/background=2.871
   [H1-style] e1=5 L(e1)=0.0019 median_other=0.0729 ratio=0.0x

moe_cfopdec_s51  layer=3 self_exact=True  stages=[1, 2, 3, 4]
   e0    -0.0224   0.0006   0.1050   0.0379 <-native
   e1     0.0843   0.0323   0.1298   0.0075 <-native
   e2    -0.0058  -0.0199   0.1490   0.0514 <-native
   e3    -0.0255   0.0712   0.0431   0.0222 <-native
   e4     0.0071   0.0407   0.2051   0.0439
   e5    -0.0091   0.0165   0.0501   0.0340
   e6    -0.0056   0.0144   0.0799   0.0495
   e7     0.0074   0.0733   0.0495  -0.0012
   native={1: 0, 2: 2, 3: 3, 4: 1}  L_native={1: -0.0224, 2: -0.0199, 3: 0.0431, 4: 0.0075}
   L_median={1: -0.0057, 2: 0.0244, 3: 0.0925, 4: 0.036}
   resolution: median_other=0.0368 spread=0.0337  ratio spread/background=0.916
   [H1-style] e1=0 L(e1)=0.0006 median_other=0.0323 ratio=0.0x

moe_cfopdec_s52  layer=3 self_exact=True  stages=[1, 2, 3, 4]
   e0    -0.0287   0.0882   0.0734   0.0239
   e1     0.0365   0.0920   0.1209   0.0203 <-native
   e2     0.0009   0.1664   0.0823   0.0181
   e3     0.0237   0.1301   0.0566   0.0380 <-native
   e4    -0.0162  -0.0118   0.0918   0.0390
   e5    -0.0405   0.0824   0.1938   0.0204 <-native
   e6     0.0439   0.2105   0.0404   0.0104
   e7    -0.0634   0.1469   0.0921   0.0246 <-native
   native={1: 1, 2: 3, 3: 7, 4: 5}  L_native={1: 0.0365, 2: 0.1301, 3: 0.0921, 4: 0.0204}
   L_median={1: -0.0077, 2: 0.111, 3: 0.0871, 4: 0.0221}
   resolution: median_other=0.0531 spread=0.0379  ratio spread/background=0.714
   [H1-style] e1=1 L(e1)=0.0920 median_other=0.1301 ratio=0.7x

moe_cfopdec_s53  layer=3 self_exact=True  stages=[1, 2, 3, 4]
   e0    -0.1188  -0.0586   0.0857   0.0113 <-native
   e1    -0.0653  -0.0353   0.0615   0.0319 <-native
   e2    -0.0540  -0.0368   0.2364   0.0144
   e3    -0.1165  -0.0267   0.0950   0.0055
   e4    -0.0028  -0.0162   0.1020   0.0211 <-native
   e5    -0.1422   0.0329   0.2079   0.0119 <-native
   e6    -0.0876  -0.0261  -0.0171   0.0239
   e7    -0.1272  -0.1050   0.0857   0.0056
   native={1: 4, 2: 1, 3: 0, 4: 5}  L_native={1: -0.0028, 2: -0.0353, 3: 0.0857, 4: 0.0119}
   L_median={1: -0.1021, 2: -0.031, 3: 0.0904, 4: 0.0131}
   resolution: median_other=-0.0074 spread=0.0410  ratio spread/background=40982463.741
   [H1-style] e1=4 L(e1)=-0.0162 median_other=-0.0353 ratio=-16197018.8x

moe_cfopdec_s54  layer=3 self_exact=True  stages=[1, 2, 3, 4]
   e0     0.0088   0.1256   0.0166   0.0258
   e1    -0.0756   0.0328   0.0752   0.0465
   e2    -0.0006  -0.0053   0.1332   0.0315 <-native
   e3     0.0038   0.0441   0.0613   0.0176
   e4    -0.0098   0.1295   0.0321   0.0061 <-native
   e5     0.0066   0.1121   0.0450   0.0092 <-native
   e6    -0.0168   0.0336   0.0879   0.0264 <-native
   e7    -0.0005   0.1278   0.1329   0.0116
   native={1: 6, 2: 2, 3: 5, 4: 4}  L_native={1: -0.0168, 2: -0.0053, 3: 0.045, 4: 0.0061}
   L_median={1: -0.0006, 2: 0.0781, 3: 0.0683, 4: 0.0217}
   resolution: median_other=0.0419 spread=0.0325  ratio spread/background=0.775
   [H1-style] e1=6 L(e1)=0.0336 median_other=0.1121 ratio=0.3x

wrote out/h2c.json (5 models)
