=== M_s frozen from TRAINING split of mixed250k  (sha256 4ae6036a7a8847ce)
  stage 1: |M_s|= 8/18  mass in stage=0.544  elsewhere=0.000  ['R', "R'", 'F', "F'", 'L', "L'", 'B', "B'"]
  stage 2: |M_s|=10/18  mass in stage=1.000  elsewhere=0.456  ['U', "U'", 'U2', 'R2', 'F2', 'D', "D'", 'D2', 'L2', 'B2']
  [derivation check] M_2 == the 10 G1 moves? True  (expected True: phase 2 uses only G1)

moe_mixed_s20  layer=5 self_exact=True  stages=[1, 2]
   e0    -0.4448   0.0037 <-native
   e1    -0.1063   0.2575
   e2    -0.4408   0.0013
   e3    -0.3874   0.0031
   e4    -0.4277   0.0017
   e5    -0.0742   0.4753 <-native
   e6    -0.3461   0.0025
   e7    -0.1789   0.0097
   native={1: 5, 2: 0}  L_native={1: -0.0742, 2: 0.0037}
   L_median={1: -0.3668, 2: 0.0034}
   resolution: median_other=-0.1817 spread=0.1560  ratio spread/background=156017627.152
   [H1-style] e1=5 L(e1)=0.4753 median_other=0.0031 ratio=154.5x

moe_mixed_s21  layer=5 self_exact=True  stages=[1, 2]
   e0     0.0271   0.1137
   e1    -0.2805   0.0018
   e2    -0.3783   0.0000 <-native
   e3    -0.2969   0.0006
   e4     0.0925   0.0155
   e5     0.1172   0.0063
   e6    -0.0232   0.0040 <-native
   e7    -0.0249   0.0050
   native={1: 6, 2: 2}  L_native={1: -0.0232, 2: 0.0}
   L_median={1: -0.024, 2: 0.0045}
   resolution: median_other=-0.0098 spread=0.1084  ratio spread/background=108400275.619
   [H1-style] e1=6 L(e1)=0.0040 median_other=0.0050 ratio=0.8x

moe_mixed_s22  layer=5 self_exact=True  stages=[1, 2]
   e0    -0.0348   0.4357 <-native
   e1    -0.2345   0.0014
   e2    -0.0960   0.0078
   e3    -0.0010   0.3747
   e4    -0.4212   0.0017
   e5    -0.4119   0.0020 <-native
   e6    -0.2542   0.0014
   e7    -0.3084   0.0031
   native={1: 0, 2: 5}  L_native={1: -0.0348, 2: 0.002}
   L_median={1: -0.2443, 2: 0.0025}
   resolution: median_other=-0.1209 spread=0.1633  ratio spread/background=163307616.050
   [H1-style] e1=0 L(e1)=0.4357 median_other=0.0020 ratio=222.7x

moe_mixed_s23  layer=5 self_exact=True  stages=[1, 2]
   e0    -0.4022   0.0015
   e1    -0.4089   0.0022 <-native
   e2    -0.1957   0.0016
   e3    -0.0107   0.3271 <-native
   e4    -0.2162   0.0149
   e5    -0.4012   0.0024
   e6    -0.1949   0.0615
   e7    -0.3884   0.0056
   native={1: 3, 2: 1}  L_native={1: -0.0107, 2: 0.0022}
   L_median={1: -0.3023, 2: 0.004}
   resolution: median_other=-0.1491 spread=0.1210  ratio spread/background=121036353.792
   [H1-style] e1=3 L(e1)=0.3271 median_other=0.0024 ratio=136.4x

moe_mixed_s24  layer=5 self_exact=True  stages=[1, 2]
   e0    -0.4019   0.0042 <-native
   e1    -0.0330   0.0053
   e2    -0.0137   0.0019
   e3     0.0338   0.0811 <-native
   e4     0.0312   0.0489
   e5    -0.2389   0.0015
   e6    -0.2440   0.0012
   e7    -0.0733   0.0358
   native={1: 3, 2: 0}  L_native={1: 0.0338, 2: 0.0042}
   L_median={1: -0.0532, 2: 0.0048}
   resolution: median_other=-0.0242 spread=0.0883  ratio spread/background=88251355.644
   [H1-style] e1=3 L(e1)=0.0811 median_other=0.0042 ratio=19.3x

wrote out/h2c_poscontrol.json (5 models)
