ceiling (perfect-tracker reference) = 0.2174

  V1_top1_e8_local_s30: E=8 k=1 conc=0.486 cNMI=0.0260 (12%) L(e1)=-0.0000
  V1_top1_e8_local_s31: E=8 k=1 conc=0.677 cNMI=0.0134 (6%) L(e1)=0.0001
  V1_top1_e8_local_s32: E=8 k=1 conc=0.487 cNMI=0.0166 (8%) L(e1)=-0.0001
  V1_top1_e8_local_s33: E=8 k=1 conc=0.314 cNMI=0.0162 (7%) L(e1)=0.0002
  V1_top1_e8_local_s34: E=8 k=1 conc=0.671 cNMI=0.0169 (8%) L(e1)=-0.0001
  moe_mixed_s20: E=8 k=2 conc=0.624 cNMI=0.2072 (95%) L(e1)=0.4826
  moe_mixed_s21: E=8 k=2 conc=0.769 cNMI=0.1719 (79%) L(e1)=0.1185
  moe_mixed_s22: E=8 k=2 conc=0.524 cNMI=0.2001 (92%) L(e1)=0.4393
  moe_mixed_s23: E=8 k=2 conc=0.787 cNMI=0.2029 (93%) L(e1)=0.3298
  moe_mixed_s24: E=8 k=2 conc=0.446 cNMI=0.2223 (102%) L(e1)=0.0789

=== H_slack, index-matched pairs (30<->20, ...) ===

P1 concentration index (PRIMARY)  [predicted: top-1 LOWER]
  top-1 0.5270+/-0.1516  vs  top-2 0.6302+/-0.1491
  per-pair diff [np.float64(-0.1386), np.float64(-0.0917), np.float64(-0.0376), np.float64(-0.473), np.float64(0.2249)]
  predicted direction in 4/5 pairs ; paired t p=0.4084
  PASS RULE: >=4/5 AND paired t p<0.05 -> INCONCLUSIVE

P2 ceiling-normalised cond NMI  [predicted: top-1 HIGHER]
  top-1 0.0819+/-0.0219  vs  top-2 0.9240+/-0.0844
  per-pair diff [np.float64(-0.8336), np.float64(-0.7291), np.float64(-0.8439), np.float64(-0.8586), np.float64(-0.9451)]
  predicted direction in 0/5 pairs ; paired t p=0.0000

P3 absolute L(e1)  [predicted: top-1 SMALLER]
  top-1 0.0000+/-0.0001  vs  top-2 0.2898+/-0.1837
  per-pair diff [np.float64(-0.4826), np.float64(-0.1184), np.float64(-0.4394), np.float64(-0.3296), np.float64(-0.079)]
  predicted direction in 5/5 pairs ; paired t p=0.0243

wrote out/sweep_h_slack.json
