=== gen mixed 20:16:24
  move tables: 1.4s
  twist-slice prun: 4.9s
  flip-slice prun:  4.2s
  TOTAL BUILD: 10.5s
  p2 move tables: 18.0s
  p2 corner prun: 2.8s
  p2 udedge prun: 2.9s
  P2 TOTAL BUILD: 23.8s
  move tables: 1.4s
  twist-slice prun: 4.6s
  flip-slice prun:  4.2s
  TOTAL BUILD: 10.2s
  p2 move tables: 17.8s
  p2 corner prun: 2.8s
  p2 udedge prun: 2.9s
  P2 TOTAL BUILD: 23.5s
  move tables: 1.4s
  twist-slice prun: 4.7s
  flip-slice prun:  4.2s
  TOTAL BUILD: 10.3s
  p2 move tables: 17.9s
  p2 corner prun: 2.8s
  p2 udedge prun: 2.9s
  P2 TOTAL BUILD: 23.6s
  move tables: 1.4s
  twist-slice prun: 4.7s
  flip-slice prun:  4.1s
  TOTAL BUILD: 10.2s
  p2 move tables: 18.3s
  p2 corner prun: 2.9s
  p2 udedge prun: 2.8s
  P2 TOTAL BUILD: 24.0s
  move tables: 1.4s
  twist-slice prun: 4.7s
  flip-slice prun:  4.2s
  TOTAL BUILD: 10.3s
  p2 move tables: 18.2s
  p2 corner prun: 2.9s
  p2 udedge prun: 2.8s
  P2 TOTAL BUILD: 24.0s
  move tables: 1.4s
  twist-slice prun: 4.8s
  flip-slice prun:  4.2s
  TOTAL BUILD: 10.4s
  p2 move tables: 17.8s
  p2 corner prun: 2.8s
  p2 udedge prun: 2.9s
  P2 TOTAL BUILD: 23.5s
  move tables: 1.4s
  twist-slice prun: 4.8s
  flip-slice prun:  4.2s
  TOTAL BUILD: 10.4s
  p2 move tables: 17.7s
  p2 corner prun: 2.8s
  p2 udedge prun: 2.9s
  P2 TOTAL BUILD: 23.4s
  move tables: 1.4s
  twist-slice prun: 4.6s
  flip-slice prun:  4.2s
  TOTAL BUILD: 10.2s
  p2 move tables: 17.9s
  p2 corner prun: 2.8s
  p2 udedge prun: 2.9s
  P2 TOTAL BUILD: 23.6s
  move tables: 1.4s
  twist-slice prun: 4.8s
  flip-slice prun:  4.3s
  TOTAL BUILD: 10.5s
  p2 move tables: 17.7s
  p2 corner prun: 2.9s
  p2 udedge prun: 2.9s
  P2 TOTAL BUILD: 23.5s
  move tables: 1.4s
  twist-slice prun: 4.7s
  flip-slice prun:  4.2s
  TOTAL BUILD: 10.3s
  p2 move tables: 17.8s
  p2 corner prun: 2.8s
  p2 udedge prun: 3.0s
  P2 TOTAL BUILD: 23.5s
[mixed] 25000 solves in 1133.8s (22.0/s wall, 10 workers)
  steps=514586  seam mean=6.94 sd=3.44 range=0-11
  sol_len mean=20.58  phase1 frac=0.337
  rows in step-index cells containing BOTH phases: 0.534
  saved /Users/alityb/projects/cubemoe/data/mixed.npz (8.6 MB)
=== QA mixed 20:35:24
  move tables: 1.1s
  twist-slice prun: 2.9s
  flip-slice prun:  2.7s
  TOTAL BUILD: 6.7s
  p2 move tables: 12.0s
  p2 corner prun: 1.7s
  p2 udedge prun: 1.7s
  P2 TOTAL BUILD: 15.4s

=== DATA CARD: mixed ===
  [PASS] L1 maneuver replays to solved
  [PASS] L1 every state passes verify() (perm/twist/flip/parity)
  [PASS] L1 stored states == replayed states
  [PASS] L1 phase-2 moves subset of the 10 G1 moves
  [PASS] L1 in_G1 monotone (first True stays True)
  [PASS] L1 stored seam == first G1 entry (phase is a STATE property)
  [PASS] L2 kociemba accepts every sampled state (independent legality)
  [PASS] L2 kociemba solves the penultimate state in exactly our last move
  [PASS] L2 cubie G1 test == coordinate-table G1 test
  [PASS] L2b label determinism (standalone re-solve) >= 0.95
  [PASS] L2b label determinism WITH lastface context == 1.0
  [PASS] L3 phase-1 lag-2 repetition near chance (no cyclic DFS padding)
  [PASS] L3 repeated 5-prefix rate low (paths not stereotyped)
  [PASS] L5 no duplicate scrambles
  [PASS] L5 seam sd >= 3.0
  [PASS] L5 >=9% of position cells mixed
  seam sd=3.44 mixed=0.534 phase1=0.337
  stereotypy: H1=4.09 H2=7.80 H3=11.46 distinct phase1=19963/25000 prefix-repeat k=5:0.029 lag2=0.052
  confound: move=0.846 pos=0.870 maj=0.663
  leakage: overall=0.2502 | excl-last-3=0.1223(keep 0.85) excl-last-4=0.0698(keep 0.81) excl-last-5=0.0227(keep 0.76) excl-last-6=0.0056(keep 0.71) excl-last-7=0.0015(keep 0.66) excl-last-8=0.0004(keep 0.61)
  VERDICT: PASS
=== QA PASSED - training 20:39:50
=== train moe on mixed (10 ep) 20:39:50
device=mps  -> d=128 layers=4  [REDUCED: no CUDA available]
model=moe params=4.50M  train=22500 test=2500
  ep1/10 loss=2.2157 test_acc=0.1716 tok/s=4461
  ep2/10 loss=2.1338 test_acc=0.1758 tok/s=4569
  ep3/10 loss=2.1089 test_acc=0.1896 tok/s=4636
  ep4/10 loss=2.1033 test_acc=0.1972 tok/s=4686
  ep5/10 loss=2.0927 test_acc=0.1982 tok/s=4823
  ep6/10 loss=2.0722 test_acc=0.1991 tok/s=4924
  ep7/10 loss=2.0673 test_acc=0.2006 tok/s=5000
  ep8/10 loss=2.0558 test_acc=0.2022 tok/s=5060
  ep9/10 loss=2.0522 test_acc=0.2033 tok/s=5107
  ep10/10 loss=2.0603 test_acc=0.2033 tok/s=5146
DONE moe_mixed: test_acc=0.2033 majority=0.1151 tok/s=5146 wall=896s
=== train dense on mixed (10 ep) 20:54:49
device=mps  -> d=128 layers=4  [REDUCED: no CUDA available]
model=dense params=1.34M  train=22500 test=2500
  ep1/10 loss=2.2186 test_acc=0.1710 tok/s=20260
  ep2/10 loss=2.1502 test_acc=0.1798 tok/s=20545
  ep3/10 loss=2.1284 test_acc=0.1829 tok/s=20627
  ep4/10 loss=2.1018 test_acc=0.1945 tok/s=20651
  ep5/10 loss=2.0718 test_acc=0.1956 tok/s=20476
  ep6/10 loss=2.0732 test_acc=0.1985 tok/s=20303
  ep7/10 loss=2.0373 test_acc=0.2013 tok/s=20095
  ep8/10 loss=2.0622 test_acc=0.2023 tok/s=19823
  ep9/10 loss=2.0554 test_acc=0.2015 tok/s=19594
  ep10/10 loss=2.0723 test_acc=0.2017 tok/s=19373
DONE dense_mixed: test_acc=0.2017 majority=0.1151 tok/s=19373 wall=238s
=== train hash on mixed (10 ep) 20:58:49
device=mps  -> d=128 layers=4  [REDUCED: no CUDA available]
model=hash params=4.50M  train=22500 test=2500
  ep1/10 loss=2.2050 test_acc=0.1706 tok/s=5061
  ep2/10 loss=2.1510 test_acc=0.1780 tok/s=5094
  ep3/10 loss=2.1205 test_acc=0.1809 tok/s=5119
  ep4/10 loss=2.0970 test_acc=0.1875 tok/s=5127
  ep5/10 loss=2.1111 test_acc=0.1931 tok/s=5124
  ep6/10 loss=2.0795 test_acc=0.1973 tok/s=5113
  ep7/10 loss=2.1040 test_acc=0.1979 tok/s=5095
  ep8/10 loss=2.0671 test_acc=0.2004 tok/s=5074
  ep9/10 loss=2.0528 test_acc=0.1990 tok/s=5055
  ep10/10 loss=2.0711 test_acc=0.1997 tok/s=5037
DONE hash_mixed: test_acc=0.1997 majority=0.1151 tok/s=5037 wall=915s
=== train state on mixed (3 ep) 21:14:06
device=mps  -> d=128 layers=4  [REDUCED: no CUDA available]
model=state params=4.50M  train=463118 test=51468
  ep1/3 loss=1.5680 test_acc=0.4765 tok/s=19304
  ep2/3 loss=1.4080 test_acc=0.5267 tok/s=19147
  ep3/3 loss=1.3857 test_acc=0.5395 tok/s=19090
DONE state_mixed: test_acc=0.5395 majority=0.1151 tok/s=19090 wall=4001s
=== train state_dense on mixed (3 ep) 22:20:49
device=mps  -> d=128 layers=4  [REDUCED: no CUDA available]
model=state_dense params=1.33M  train=463118 test=51468
  ep1/3 loss=1.5943 test_acc=0.4884 tok/s=71371
  ep2/3 loss=1.4492 test_acc=0.5370 tok/s=71438
  ep3/3 loss=1.3597 test_acc=0.5526 tok/s=71390
DONE state_dense_mixed: test_acc=0.5526 majority=0.1151 tok/s=71390 wall=1070s
=== analysis 22:38:41
device mps
--- moe_mixed
  [moe_mixed L0] condNMI=0.0480 (shuf 0.0005, posrouter 0.0000) rawNMI=0.1386 cp_slope=0.257 p=0.0050 probe=0.959 | exclTail condNMI=0.0559
  [moe_mixed L1] condNMI=0.0430 (shuf 0.0006, posrouter 0.0000) rawNMI=0.1316 cp_slope=0.403 p=0.0050 probe=0.975 | exclTail condNMI=0.0503
  [moe_mixed L2] condNMI=0.1282 (shuf 0.0006, posrouter 0.0000) rawNMI=0.2496 cp_slope=0.172 p=0.0050 probe=0.985 | exclTail condNMI=0.1498
  [moe_mixed L3] condNMI=0.1538 (shuf 0.0007, posrouter 0.0000) rawNMI=0.3738 cp_slope=0.310 p=0.0050 probe=0.987 | exclTail condNMI=0.1798
--- moe_naive
  [moe_naive L0] condNMI=0.0188 (shuf 0.0003, posrouter 0.0000) rawNMI=0.1530 cp_slope=-0.245 p=0.0050 probe=0.996 | exclTail condNMI=0.0220
  [moe_naive L1] condNMI=0.0083 (shuf 0.0002, posrouter 0.0000) rawNMI=0.2480 cp_slope=-1.081 p=0.0050 probe=0.996 | exclTail condNMI=0.0097
  [moe_naive L2] condNMI=0.0193 (shuf 0.0001, posrouter 0.0000) rawNMI=0.3037 cp_slope=0.398 p=0.0050 probe=0.997 | exclTail condNMI=0.0226
  [moe_naive L3] condNMI=0.0126 (shuf 0.0002, posrouter 0.0000) rawNMI=0.2766 cp_slope=-0.023 p=0.0050 probe=0.996 | exclTail condNMI=0.0147
--- hash_mixed
  [hash_mixed L0] condNMI=0.0277 (shuf 0.0005, posrouter 0.0000) rawNMI=0.0541 cp_slope=0.496 p=0.0050 probe=0.964 | exclTail condNMI=0.0324
  [hash_mixed L1] condNMI=0.0406 (shuf 0.0006, posrouter 0.0000) rawNMI=0.0816 cp_slope=0.567 p=0.0050 probe=0.978 | exclTail condNMI=0.0473
  [hash_mixed L2] condNMI=0.0425 (shuf 0.0005, posrouter 0.0000) rawNMI=0.0923 cp_slope=0.403 p=0.0050 probe=0.985 | exclTail condNMI=0.0495
  [hash_mixed L3] condNMI=0.0598 (shuf 0.0006, posrouter 0.0000) rawNMI=0.1370 cp_slope=0.551 p=0.0050 probe=0.985 | exclTail condNMI=0.0699
--- dense_mixed
  [dense_mixed L0] condNMI=0.0847 (shuf 0.0013, posrouter 0.0000) rawNMI=0.1910 cp_slope=0.958 p=0.0050 probe=0.959 | exclTail condNMI=0.0988
  [dense_mixed L1] condNMI=0.0897 (shuf 0.0012, posrouter 0.0000) rawNMI=0.2643 cp_slope=0.506 p=0.0050 probe=0.976 | exclTail condNMI=0.1048
  [dense_mixed L2] condNMI=0.1736 (shuf 0.0013, posrouter 0.0000) rawNMI=0.3671 cp_slope=0.484 p=0.0050 probe=0.985 | exclTail condNMI=0.2031
  [dense_mixed L3] condNMI=0.1305 (shuf 0.0012, posrouter 0.0000) rawNMI=0.3346 cp_slope=0.353 p=0.0050 probe=0.984 | exclTail condNMI=0.1528
--- state_mixed
  [state_mixed L0] condNMI=0.0008 (shuf 0.0002, posrouter 0.0000) rawNMI=0.0030 cp_slope=0.360 p=0.2090 probe=0.997 | exclTail condNMI=0.0009
  [state_mixed L1] condNMI=0.0215 (shuf 0.0013, posrouter 0.0000) rawNMI=0.0697 cp_slope=0.304 p=0.0050 probe=1.000 | exclTail condNMI=0.0251
  [state_mixed L2] condNMI=0.0395 (shuf 0.0014, posrouter 0.0000) rawNMI=0.1452 cp_slope=0.457 p=0.0050 probe=1.000 | exclTail condNMI=0.0463
  [state_mixed L3] condNMI=0.0843 (shuf 0.0015, posrouter 0.0000) rawNMI=0.4928 cp_slope=0.340 p=0.0050 probe=1.000 | exclTail condNMI=0.0988
--- state_dense_mixed
  [state_dense_mixed L0] condNMI=0.0794 (shuf 0.0013, posrouter 0.0000) rawNMI=0.4829 cp_slope=0.211 p=0.0050 probe=1.000 | exclTail condNMI=0.0930
  [state_dense_mixed L1] condNMI=0.0808 (shuf 0.0012, posrouter 0.0000) rawNMI=0.4733 cp_slope=0.367 p=0.0050 probe=1.000 | exclTail condNMI=0.0947
  [state_dense_mixed L2] condNMI=0.0414 (shuf 0.0013, posrouter 0.0000) rawNMI=0.3186 cp_slope=0.199 p=0.0050 probe=1.000 | exclTail condNMI=0.0485
  [state_dense_mixed L3] condNMI=0.0920 (shuf 0.0012, posrouter 0.0000) rawNMI=0.2934 cp_slope=0.503 p=0.0050 probe=1.000 | exclTail condNMI=0.1078
Traceback (most recent call last):
  File "/Users/alityb/projects/cubemoe/src/run_analysis.py", line 99, in <module>
    L[k]['cp'].pop('_xs', None); L[k]['cp'].pop('_ys', None)
KeyError: 'cp'
